src/app/dashboard/invoices/[id]/page.tsx(2,10): error TS2305: Module '"@/utils/supabase/cached-queries"' has no exported member 'getUserProfile'.
src/app/dashboard/layout.tsx(2,10): error TS2305: Module '"@/utils/supabase/cached-queries"' has no exported member 'getUserProfile'.
src/app/dashboard/quotes/[id]/page.tsx(2,10): error TS2305: Module '"@/utils/supabase/cached-queries"' has no exported member 'getUserProfile'.
src/services/quote.ts(45,6): error TS2769: No overload matches this call.
  Overload 1 of 2, '(values: { client_id: string; created_at?: string | undefined; id?: string | undefined; number?: string | undefined; paid_at?: string | null | undefined; payment_details?: Json | undefined; ... 11 more ...; valid_until?: string | ... 1 more ... | undefined; }, options?: { ...; } | undefined): PostgrestFilterBuilder<...>', gave the following error.
    Argument of type '{ user_id: string; client_id: string; number: string; status: string; total_ht: number; tax_rate: number; total_ttc: number; }[]' is not assignable to parameter of type '{ client_id: string; created_at?: string | undefined; id?: string | undefined; number?: string | undefined; paid_at?: string | null | undefined; payment_details?: Json | undefined; ... 11 more ...; valid_until?: string | ... 1 more ... | undefined; }'.
      Type '{ user_id: string; client_id: string; number: string; status: string; total_ht: number; tax_rate: number; total_ttc: number; }[]' is missing the following properties from type '{ client_id: string; created_at?: string | undefined; id?: string | undefined; number?: string | undefined; paid_at?: string | null | undefined; payment_details?: Json | undefined; ... 11 more ...; valid_until?: string | ... 1 more ... | undefined; }': client_id, user_id
  Overload 2 of 2, '(values: { client_id: string; created_at?: string | undefined; id?: string | undefined; number?: string | undefined; paid_at?: string | null | undefined; payment_details?: Json | undefined; ... 11 more ...; valid_until?: string | ... 1 more ... | undefined; }[], options?: { ...; } | undefined): PostgrestFilterBuilder<...>', gave the following error.
    Type 'string' is not assignable to type '"draft" | "sent" | "accepted" | "rejected" | "invoiced" | "paid" | "overdue" | "cancelled" | null | undefined'.
