src/app/dashboard/settings/page.tsx(347,40): error TS2698: Spread types may only be created from object types.
